********************************************************************************
Field Output Report, written Sat Feb  5 11:04:59 2022

Source 1
---------

   ODB: E:/temp/HW-1JobFile.odb
   Step: Step-1
   Frame: Increment      1: Step Time =    1.000

Loc 1 : Nodal values from source 1

Output sorted by column "Node Label".

Field Output reported at nodes for part: PART-1-1

      Node Label     U.Magnitude
                          @Loc 1
---------------------------------
               1              0.
               2     10.0000E-09
               3     30.0000E-09
               4     43.3333E-09


  Minimum                     0.
         At Node               1

  Maximum            43.3333E-09
         At Node               4

           Total     83.3333E-09


