Archive member included to satisfy reference by file (symbol)

../Project_5_bsp//newlib/nios2-elf/lib/libm.a(lib_a-sf_round.o)
                              obj/default/hello_world_small.o (roundf)
../Project_5_bsp//newlib/nios2-elf/lib/libsmallc.a(lib_a-printf.o)
                              obj/default/hello_world_small.o (printf)
../Project_5_bsp//newlib/nios2-elf/lib/libsmallc.a(lib_a-puts.o)
                              obj/default/hello_world_small.o (puts)
../Project_5_bsp//newlib/nios2-elf/lib/libsmallc.a(lib_a-strlen.o)
                              ../Project_5_bsp//newlib/nios2-elf/lib/libsmallc.a(lib_a-puts.o) (strlen)
../Project_5_bsp//newlib/nios2-elf/lib/libsmallc.a(lib_a-vfprintf.o)
                              ../Project_5_bsp//newlib/nios2-elf/lib/libsmallc.a(lib_a-printf.o) (___vfprintf_internal_r)
../Project_5_bsp//newlib/nios2-elf/lib/libsmallc.a(lib_a-fvwrite_small_dev.o)
                              ../Project_5_bsp//newlib/nios2-elf/lib/libsmallc.a(lib_a-printf.o) (__sfvwrite_small_dev)
../Project_5_bsp//newlib/nios2-elf/lib/libsmallc.a(lib_a-impure.o)
                              ../Project_5_bsp//newlib/nios2-elf/lib/libsmallc.a(lib_a-printf.o) (_impure_ptr)
../Project_5_bsp//newlib/nios2-elf/lib/libsmallc.a(lib_a-writer.o)
                              ../Project_5_bsp//newlib/nios2-elf/lib/libsmallc.a(lib_a-fvwrite_small_dev.o) (_write_r)
../Project_5_bsp//newlib/nios2-elf/lib/libsmallc.a(lib_a-int_errno.o)
                              ../Project_5_bsp//newlib/nios2-elf/lib/libsmallc.a(lib_a-writer.o) (errno)
/usr/local/3rdparty/altera/18.1/nios2eds/bin/gnu/H-x86_64-pc-linux-gnu/bin/../lib/gcc/nios2-elf/5.3.0/libgcc.a(lib2-divmod.o)
                              ../Project_5_bsp//newlib/nios2-elf/lib/libsmallc.a(lib_a-vfprintf.o) (__udivsi3)
../Project_5_bsp//libhal_bsp.a(alt_load.o)
                              ../Project_5_bsp//obj/HAL/src/crt0.o (alt_load)
../Project_5_bsp//libhal_bsp.a(alt_main.o)
                              ../Project_5_bsp//obj/HAL/src/crt0.o (alt_main)
../Project_5_bsp//libhal_bsp.a(alt_putstr.o)
                              obj/default/hello_world_small.o (alt_putstr)
../Project_5_bsp//libhal_bsp.a(alt_tick.o)
                              obj/default/hello_world_small.o (_alt_nticks)
../Project_5_bsp//libhal_bsp.a(alt_write.o)
                              ../Project_5_bsp//newlib/nios2-elf/lib/libsmallc.a(lib_a-writer.o) (write)
../Project_5_bsp//libhal_bsp.a(alt_sys_init.o)
                              ../Project_5_bsp//libhal_bsp.a(alt_main.o) (alt_irq_init)
../Project_5_bsp//libhal_bsp.a(altera_avalon_jtag_uart_write.o)
                              ../Project_5_bsp//libhal_bsp.a(alt_putstr.o) (altera_avalon_jtag_uart_write)
../Project_5_bsp//libhal_bsp.a(altera_avalon_timer_sc.o)
                              ../Project_5_bsp//libhal_bsp.a(alt_sys_init.o) (alt_avalon_timer_sc_init)
../Project_5_bsp//libhal_bsp.a(altera_up_avalon_video_character_buffer_with_dma.o)
                              ../Project_5_bsp//libhal_bsp.a(alt_sys_init.o) (alt_up_char_buffer_init)
../Project_5_bsp//libhal_bsp.a(altera_up_avalon_video_pixel_buffer_dma.o)
                              obj/default/hello_world_small.o (alt_up_pixel_buffer_dma_open_dev)
../Project_5_bsp//libhal_bsp.a(alt_dcache_flush_all.o)
                              ../Project_5_bsp//libhal_bsp.a(alt_load.o) (alt_dcache_flush_all)
../Project_5_bsp//libhal_bsp.a(alt_dev.o)
                              ../Project_5_bsp//libhal_bsp.a(alt_sys_init.o) (alt_dev_list)
../Project_5_bsp//libhal_bsp.a(alt_dev_llist_insert.o)
                              ../Project_5_bsp//libhal_bsp.a(alt_sys_init.o) (alt_dev_llist_insert)
../Project_5_bsp//libhal_bsp.a(alt_errno.o)
                              ../Project_5_bsp//libhal_bsp.a(alt_write.o) (alt_errno)
../Project_5_bsp//libhal_bsp.a(alt_find_dev.o)
                              ../Project_5_bsp//libhal_bsp.a(altera_up_avalon_video_character_buffer_with_dma.o) (alt_find_dev)
../Project_5_bsp//libhal_bsp.a(alt_icache_flush_all.o)
                              ../Project_5_bsp//libhal_bsp.a(alt_load.o) (alt_icache_flush_all)
../Project_5_bsp//libhal_bsp.a(alt_iic.o)
                              ../Project_5_bsp//libhal_bsp.a(altera_avalon_timer_sc.o) (alt_ic_isr_register)
../Project_5_bsp//libhal_bsp.a(alt_iic_isr_register.o)
                              ../Project_5_bsp//libhal_bsp.a(alt_iic.o) (alt_iic_isr_register)
../Project_5_bsp//libhal_bsp.a(alt_irq_entry.o)
                              ../Project_5_bsp//libhal_bsp.a(alt_iic_isr_register.o) (alt_irq_entry)
../Project_5_bsp//libhal_bsp.a(alt_irq_handler.o)
                              ../Project_5_bsp//libhal_bsp.a(alt_iic_isr_register.o) (alt_irq_handler)
../Project_5_bsp//libhal_bsp.a(alt_irq_vars.o)
                              ../Project_5_bsp//libhal_bsp.a(alt_iic.o) (alt_irq_active)
../Project_5_bsp//libhal_bsp.a(altera_nios2_gen2_irq.o)
                              ../Project_5_bsp//libhal_bsp.a(alt_sys_init.o) (altera_nios2_gen2_irq_init)
../Project_5_bsp//libhal_bsp.a(alt_exception_entry.o)
                              ../Project_5_bsp//libhal_bsp.a(alt_irq_entry.o) (alt_exception)
../Project_5_bsp//libhal_bsp.a(alt_icache_flush.o)
                              ../Project_5_bsp//libhal_bsp.a(alt_icache_flush_all.o) (alt_icache_flush)
../Project_5_bsp//libhal_bsp.a(alt_instruction_exception_entry.o)
                              ../Project_5_bsp//libhal_bsp.a(alt_exception_entry.o) (alt_instruction_exception_entry)
../Project_5_bsp//newlib/nios2-elf/lib/libsmallc.a(lib_a-memcmp.o)
                              ../Project_5_bsp//libhal_bsp.a(alt_find_dev.o) (memcmp)
../Project_5_bsp//newlib/nios2-elf/lib/libsmallc.a(lib_a-strcmp.o)
                              ../Project_5_bsp//libhal_bsp.a(altera_up_avalon_video_character_buffer_with_dma.o) (strcmp)

Allocating common symbols
Common symbol       size              file

alt_irq             0x100             ../Project_5_bsp//libhal_bsp.a(alt_irq_handler.o)
errno               0x4               ../Project_5_bsp//newlib/nios2-elf/lib/libsmallc.a(lib_a-int_errno.o)
shifted_row         0x4               obj/default/hello_world_small.o
original_row        0x4               obj/default/hello_world_small.o
theta               0x4               obj/default/hello_world_small.o
thetaCOS            0x4               obj/default/hello_world_small.o
thetaSIN            0x4               obj/default/hello_world_small.o
shifted_col         0x4               obj/default/hello_world_small.o
pixel_buffer        0x4               obj/default/hello_world_small.o
original_col        0x4               obj/default/hello_world_small.o

Memory Configuration

Name             Origin             Length             Attributes
reset            0x0000000010000000 0x0000000000000020
sdram_controller 0x0000000010000020 0x0000000007ffffe0
*default*        0x0000000000000000 0xffffffffffffffff

Linker script and memory map

LOAD ../Project_5_bsp//obj/HAL/src/crt0.o
LOAD obj/default/hello_world_small.o
LOAD /usr/local/3rdparty/altera/18.1/nios2eds/bin/gnu/H-x86_64-pc-linux-gnu/bin/../lib/gcc/nios2-elf/5.3.0/../../../../../H-x86_64-pc-linux-gnu/nios2-elf/lib/libstdc++.a
LOAD ../Project_5_bsp//newlib/nios2-elf/lib/libm.a
LOAD /usr/local/3rdparty/altera/18.1/nios2eds/bin/gnu/H-x86_64-pc-linux-gnu/bin/../lib/gcc/nios2-elf/5.3.0/libgcc.a
START GROUP
LOAD ../Project_5_bsp//newlib/nios2-elf/lib/libsmallc.a
LOAD /usr/local/3rdparty/altera/18.1/nios2eds/bin/gnu/H-x86_64-pc-linux-gnu/bin/../lib/gcc/nios2-elf/5.3.0/libgcc.a
LOAD ../Project_5_bsp//libhal_bsp.a
LOAD ../Project_5_bsp//newlib/nios2-elf/lib/libm.a
END GROUP
LOAD /usr/local/3rdparty/altera/18.1/nios2eds/bin/gnu/H-x86_64-pc-linux-gnu/bin/../lib/gcc/nios2-elf/5.3.0/libgcc.a
                0x0000000010000000                __alt_mem_sdram_controller = 0x10000000

.entry          0x0000000010000000       0x20
 *(.entry)
 .entry         0x0000000010000000       0x20 ../Project_5_bsp//obj/HAL/src/crt0.o
                0x0000000010000000                __reset
                0x000000001000001c                _exit

.exceptions     0x0000000010000020      0x168
                0x0000000010000020                PROVIDE (__ram_exceptions_start, ABSOLUTE (.))
                0x0000000010000020                . = ALIGN (0x20)
 *(.irq)
 *(.exceptions.entry.label)
 .exceptions.entry.label
                0x0000000010000020        0x0 ../Project_5_bsp//libhal_bsp.a(alt_irq_entry.o)
                0x0000000010000020                alt_irq_entry
 .exceptions.entry.label
                0x0000000010000020        0x0 ../Project_5_bsp//libhal_bsp.a(alt_exception_entry.o)
                0x0000000010000020                alt_exception
 *(.exceptions.entry.user)
 *(.exceptions.entry.ecc_fatal)
 *(.exceptions.entry)
 .exceptions.entry
                0x0000000010000020       0x54 ../Project_5_bsp//libhal_bsp.a(alt_exception_entry.o)
 *(.exceptions.irqtest.user)
 *(.exceptions.irqtest)
 .exceptions.irqtest
                0x0000000010000074       0x10 ../Project_5_bsp//libhal_bsp.a(alt_irq_entry.o)
 *(.exceptions.irqhandler.user)
 *(.exceptions.irqhandler)
 .exceptions.irqhandler
                0x0000000010000084        0x4 ../Project_5_bsp//libhal_bsp.a(alt_irq_entry.o)
 *(.exceptions.irqreturn.user)
 *(.exceptions.irqreturn)
 .exceptions.irqreturn
                0x0000000010000088        0x4 ../Project_5_bsp//libhal_bsp.a(alt_irq_entry.o)
 *(.exceptions.notirq.label)
 .exceptions.notirq.label
                0x000000001000008c        0x0 ../Project_5_bsp//libhal_bsp.a(alt_irq_entry.o)
 *(.exceptions.notirq.user)
 *(.exceptions.notirq)
 .exceptions.notirq
                0x000000001000008c        0x8 ../Project_5_bsp//libhal_bsp.a(alt_exception_entry.o)
 *(.exceptions.soft.user)
 *(.exceptions.soft)
 *(.exceptions.unknown.user)
 *(.exceptions.unknown)
 .exceptions.unknown
                0x0000000010000094       0x14 ../Project_5_bsp//libhal_bsp.a(alt_exception_entry.o)
 *(.exceptions.exit.label)
 .exceptions.exit.label
                0x00000000100000a8        0x0 ../Project_5_bsp//libhal_bsp.a(alt_irq_entry.o)
 .exceptions.exit.label
                0x00000000100000a8        0x0 ../Project_5_bsp//libhal_bsp.a(alt_exception_entry.o)
 *(.exceptions.exit.user)
 *(.exceptions.exit)
 .exceptions.exit
                0x00000000100000a8       0x54 ../Project_5_bsp//libhal_bsp.a(alt_exception_entry.o)
 *(.exceptions)
 .exceptions    0x00000000100000fc       0x60 ../Project_5_bsp//libhal_bsp.a(alt_irq_handler.o)
                0x00000000100000fc                alt_irq_handler
 .exceptions    0x000000001000015c       0x2c ../Project_5_bsp//libhal_bsp.a(alt_instruction_exception_entry.o)
                0x000000001000015c                alt_instruction_exception_entry
                0x0000000010000188                PROVIDE (__ram_exceptions_end, ABSOLUTE (.))
                0x0000000010000020                PROVIDE (__flash_exceptions_start, LOADADDR (.exceptions))

.text           0x0000000010000188     0x20c0
                [!provide]                        PROVIDE (stext, ABSOLUTE (.))
 *(.interp)
 *(.hash)
 *(.dynsym)
 *(.dynstr)
 *(.gnu.version)
 *(.gnu.version_d)
 *(.gnu.version_r)
 *(.rel.init)
 *(.rela.init)
 *(.rel.text .rel.text.* .rel.gnu.linkonce.t.*)
 *(.rela.text .rela.text.* .rela.gnu.linkonce.t.*)
 *(.rel.fini)
 *(.rela.fini)
 *(.rel.rodata .rel.rodata.* .rel.gnu.linkonce.r.*)
 *(.rela.rodata .rela.rodata.* .rela.gnu.linkonce.r.*)
 *(.rel.data .rel.data.* .rel.gnu.linkonce.d.*)
 *(.rela.data .rela.data.* .rela.gnu.linkonce.d.*)
 *(.rel.tdata .rel.tdata.* .rel.gnu.linkonce.td.*)
 *(.rela.tdata .rela.tdata.* .rela.gnu.linkonce.td.*)
 *(.rel.tbss .rel.tbss.* .rel.gnu.linkonce.tb.*)
 *(.rela.tbss .rela.tbss.* .rela.gnu.linkonce.tb.*)
 *(.rel.ctors)
 *(.rela.ctors)
 *(.rel.dtors)
 *(.rela.dtors)
 *(.rel.got)
 *(.rela.got)
 *(.rel.sdata .rel.sdata.* .rel.gnu.linkonce.s.*)
 *(.rela.sdata .rela.sdata.* .rela.gnu.linkonce.s.*)
 *(.rel.sbss .rel.sbss.* .rel.gnu.linkonce.sb.*)
 *(.rela.sbss .rela.sbss.* .rela.gnu.linkonce.sb.*)
 *(.rel.sdata2 .rel.sdata2.* .rel.gnu.linkonce.s2.*)
 *(.rela.sdata2 .rela.sdata2.* .rela.gnu.linkonce.s2.*)
 *(.rel.sbss2 .rel.sbss2.* .rel.gnu.linkonce.sb2.*)
 *(.rela.sbss2 .rela.sbss2.* .rela.gnu.linkonce.sb2.*)
 *(.rel.bss .rel.bss.* .rel.gnu.linkonce.b.*)
 *(.rela.bss .rela.bss.* .rela.gnu.linkonce.b.*)
 *(.rel.plt)
 *(.rela.plt)
 *(.rel.dyn)
 *(.init)
 *(.plt)
 *(.text .stub .text.* .gnu.linkonce.t.*)
 .text          0x0000000010000188       0x4c ../Project_5_bsp//obj/HAL/src/crt0.o
                0x0000000010000188                _start
 .text          0x00000000100001d4      0x218 obj/default/hello_world_small.o
                0x00000000100001d4                frame_function
                0x0000000010000358                draw_screen
 .text.startup  0x00000000100003ec      0x234 obj/default/hello_world_small.o
                0x00000000100003ec                main
 .text          0x0000000010000620        0x0 ../Project_5_bsp//newlib/nios2-elf/lib/libm.a(lib_a-sf_round.o)
 .text.roundf   0x0000000010000620       0x70 ../Project_5_bsp//newlib/nios2-elf/lib/libm.a(lib_a-sf_round.o)
                0x0000000010000620                roundf
 .text          0x0000000010000690        0x0 ../Project_5_bsp//newlib/nios2-elf/lib/libsmallc.a(lib_a-printf.o)
 .text._printf_r
                0x0000000010000690       0x3c ../Project_5_bsp//newlib/nios2-elf/lib/libsmallc.a(lib_a-printf.o)
                0x0000000010000690                _printf_r
 .text.printf   0x00000000100006cc       0x44 ../Project_5_bsp//newlib/nios2-elf/lib/libsmallc.a(lib_a-printf.o)
                0x00000000100006cc                printf
 .text          0x0000000010000710        0x0 ../Project_5_bsp//newlib/nios2-elf/lib/libsmallc.a(lib_a-puts.o)
 .text._puts_r  0x0000000010000710       0x80 ../Project_5_bsp//newlib/nios2-elf/lib/libsmallc.a(lib_a-puts.o)
                0x0000000010000710                _puts_r
 .text.puts     0x0000000010000790        0xc ../Project_5_bsp//newlib/nios2-elf/lib/libsmallc.a(lib_a-puts.o)
                0x0000000010000790                puts
 .text          0x000000001000079c        0x0 ../Project_5_bsp//newlib/nios2-elf/lib/libsmallc.a(lib_a-strlen.o)
 .text.strlen   0x000000001000079c       0x1c ../Project_5_bsp//newlib/nios2-elf/lib/libsmallc.a(lib_a-strlen.o)
                0x000000001000079c                strlen
 .text          0x00000000100007b8        0x0 ../Project_5_bsp//newlib/nios2-elf/lib/libsmallc.a(lib_a-vfprintf.o)
 .text.print_repeat
                0x00000000100007b8       0x6c ../Project_5_bsp//newlib/nios2-elf/lib/libsmallc.a(lib_a-vfprintf.o)
 .text.___vfprintf_internal_r
                0x0000000010000824      0x524 ../Project_5_bsp//newlib/nios2-elf/lib/libsmallc.a(lib_a-vfprintf.o)
                0x0000000010000824                ___vfprintf_internal_r
 .text.__vfprintf_internal
                0x0000000010000d48       0x14 ../Project_5_bsp//newlib/nios2-elf/lib/libsmallc.a(lib_a-vfprintf.o)
                0x0000000010000d48                __vfprintf_internal
 .text          0x0000000010000d5c        0x0 ../Project_5_bsp//newlib/nios2-elf/lib/libsmallc.a(lib_a-fvwrite_small_dev.o)
 .text.__sfvwrite_small_dev
                0x0000000010000d5c       0xb8 ../Project_5_bsp//newlib/nios2-elf/lib/libsmallc.a(lib_a-fvwrite_small_dev.o)
                0x0000000010000d5c                __sfvwrite_small_dev
 .text          0x0000000010000e14        0x0 ../Project_5_bsp//newlib/nios2-elf/lib/libsmallc.a(lib_a-impure.o)
 .text          0x0000000010000e14        0x0 ../Project_5_bsp//newlib/nios2-elf/lib/libsmallc.a(lib_a-writer.o)
 .text._write_r
                0x0000000010000e14       0x48 ../Project_5_bsp//newlib/nios2-elf/lib/libsmallc.a(lib_a-writer.o)
                0x0000000010000e14                _write_r
 .text          0x0000000010000e5c        0x0 ../Project_5_bsp//newlib/nios2-elf/lib/libsmallc.a(lib_a-int_errno.o)
 .text          0x0000000010000e5c      0x1b4 /usr/local/3rdparty/altera/18.1/nios2eds/bin/gnu/H-x86_64-pc-linux-gnu/bin/../lib/gcc/nios2-elf/5.3.0/libgcc.a(lib2-divmod.o)
                0x0000000010000e5c                __divsi3
                0x0000000010000ee0                __modsi3
                0x0000000010000f54                __udivsi3
                0x0000000010000fb8                __umodsi3
 .text          0x0000000010001010       0xe0 ../Project_5_bsp//libhal_bsp.a(alt_load.o)
                0x0000000010001010                alt_load
 .text          0x00000000100010f0       0x2c ../Project_5_bsp//libhal_bsp.a(alt_main.o)
                0x00000000100010f0                alt_main
 .text          0x000000001000111c       0x38 ../Project_5_bsp//libhal_bsp.a(alt_putstr.o)
                0x000000001000111c                alt_putstr
 .text          0x0000000010001154       0xec ../Project_5_bsp//libhal_bsp.a(alt_tick.o)
                0x0000000010001154                alt_alarm_stop
                0x0000000010001188                alt_tick
 .text          0x0000000010001240       0x60 ../Project_5_bsp//libhal_bsp.a(alt_write.o)
                0x0000000010001240                write
 .text          0x00000000100012a0      0x1e4 ../Project_5_bsp//libhal_bsp.a(alt_sys_init.o)
                0x00000000100012a0                alt_irq_init
                0x00000000100012c0                alt_sys_init
 .text          0x0000000010001484       0x34 ../Project_5_bsp//libhal_bsp.a(altera_avalon_jtag_uart_write.o)
                0x0000000010001484                altera_avalon_jtag_uart_write
 .text          0x00000000100014b8       0x84 ../Project_5_bsp//libhal_bsp.a(altera_avalon_timer_sc.o)
                0x00000000100014f4                alt_avalon_timer_sc_init
 .text          0x000000001000153c      0x130 ../Project_5_bsp//libhal_bsp.a(altera_up_avalon_video_character_buffer_with_dma.o)
                0x000000001000153c                alt_up_char_buffer_init
                0x0000000010001588                alt_up_char_buffer_open_dev
                0x0000000010001590                alt_up_char_buffer_draw
                0x00000000100015e0                alt_up_char_buffer_string
                0x000000001000164c                alt_up_char_buffer_clear
 .text          0x000000001000166c      0x8c0 ../Project_5_bsp//libhal_bsp.a(altera_up_avalon_video_pixel_buffer_dma.o)
                0x000000001000166c                alt_up_pixel_buffer_dma_open_dev
                0x0000000010001674                alt_up_pixel_buffer_dma_draw
                0x000000001000170c                alt_up_pixel_buffer_dma_change_back_buffer_address
                0x0000000010001728                alt_up_pixel_buffer_dma_swap_buffers
                0x000000001000174c                alt_up_pixel_buffer_dma_check_swap_buffers_status
                0x000000001000175c                alt_up_pixel_buffer_dma_clear_screen
                0x00000000100017ec                alt_up_pixel_buffer_dma_draw_box
                0x00000000100019b4                alt_up_pixel_buffer_dma_draw_hline
                0x0000000010001af0                alt_up_pixel_buffer_dma_draw_vline
                0x0000000010001c4c                alt_up_pixel_buffer_dma_draw_rectangle
                0x0000000010001d18                helper_plot_pixel
                0x0000000010001d64                alt_up_pixel_buffer_dma_draw_line
 .text          0x0000000010001f2c       0x18 ../Project_5_bsp//libhal_bsp.a(alt_dcache_flush_all.o)
                0x0000000010001f2c                alt_dcache_flush_all
 .text          0x0000000010001f44        0x8 ../Project_5_bsp//libhal_bsp.a(alt_dev.o)
 .text          0x0000000010001f4c       0x6c ../Project_5_bsp//libhal_bsp.a(alt_dev_llist_insert.o)
                0x0000000010001f4c                alt_dev_llist_insert
 .text          0x0000000010001fb8        0x0 ../Project_5_bsp//libhal_bsp.a(alt_errno.o)
 .text          0x0000000010001fb8       0x74 ../Project_5_bsp//libhal_bsp.a(alt_find_dev.o)
                0x0000000010001fb8                alt_find_dev
 .text          0x000000001000202c        0xc ../Project_5_bsp//libhal_bsp.a(alt_icache_flush_all.o)
                0x000000001000202c                alt_icache_flush_all
 .text          0x0000000010002038       0x8c ../Project_5_bsp//libhal_bsp.a(alt_iic.o)
                0x0000000010002038                alt_ic_isr_register
                0x000000001000203c                alt_ic_irq_enable
                0x0000000010002074                alt_ic_irq_disable
                0x00000000100020ac                alt_ic_irq_enabled
 .text          0x00000000100020c4       0x68 ../Project_5_bsp//libhal_bsp.a(alt_iic_isr_register.o)
                0x00000000100020c4                alt_iic_isr_register
 .text          0x000000001000212c        0x0 ../Project_5_bsp//libhal_bsp.a(alt_irq_entry.o)
 .text          0x000000001000212c        0x0 ../Project_5_bsp//libhal_bsp.a(alt_irq_handler.o)
 .text          0x000000001000212c        0x0 ../Project_5_bsp//libhal_bsp.a(alt_irq_vars.o)
 .text          0x000000001000212c        0x8 ../Project_5_bsp//libhal_bsp.a(altera_nios2_gen2_irq.o)
                0x000000001000212c                altera_nios2_gen2_irq_init
 .text          0x0000000010002134        0x0 ../Project_5_bsp//libhal_bsp.a(alt_exception_entry.o)
 .text          0x0000000010002134       0x38 ../Project_5_bsp//libhal_bsp.a(alt_icache_flush.o)
                0x0000000010002134                alt_icache_flush
 .text          0x000000001000216c       0x74 ../Project_5_bsp//libhal_bsp.a(alt_instruction_exception_entry.o)
                0x000000001000216c                alt_exception_cause_generated_bad_addr
 .text          0x00000000100021e0        0x0 ../Project_5_bsp//newlib/nios2-elf/lib/libsmallc.a(lib_a-memcmp.o)
 .text.memcmp   0x00000000100021e0       0x30 ../Project_5_bsp//newlib/nios2-elf/lib/libsmallc.a(lib_a-memcmp.o)
                0x00000000100021e0                memcmp
 .text          0x0000000010002210        0x0 ../Project_5_bsp//newlib/nios2-elf/lib/libsmallc.a(lib_a-strcmp.o)
 .text.strcmp   0x0000000010002210       0x38 ../Project_5_bsp//newlib/nios2-elf/lib/libsmallc.a(lib_a-strcmp.o)
                0x0000000010002210                strcmp
 *(.gnu.warning.*)
 *(.fini)
                [!provide]                        PROVIDE (__etext, ABSOLUTE (.))
                [!provide]                        PROVIDE (_etext, ABSOLUTE (.))
                [!provide]                        PROVIDE (etext, ABSOLUTE (.))
 *(.eh_frame_hdr)
                0x0000000010002248                . = ALIGN (0x4)
                [!provide]                        PROVIDE (__preinit_array_start, ABSOLUTE (.))
 *(.preinit_array)
                [!provide]                        PROVIDE (__preinit_array_end, ABSOLUTE (.))
                [!provide]                        PROVIDE (__init_array_start, ABSOLUTE (.))
 *(.init_array)
                [!provide]                        PROVIDE (__init_array_end, ABSOLUTE (.))
                [!provide]                        PROVIDE (__fini_array_start, ABSOLUTE (.))
 *(.fini_array)
                [!provide]                        PROVIDE (__fini_array_end, ABSOLUTE (.))
 *(.eh_frame)
 *(.gcc_except_table .gcc_except_table.*)
 *(.dynamic)
                [!provide]                        PROVIDE (__CTOR_LIST__, ABSOLUTE (.))
 *(.ctors)
 *(SORT(.ctors.*))
                [!provide]                        PROVIDE (__CTOR_END__, ABSOLUTE (.))
                [!provide]                        PROVIDE (__DTOR_LIST__, ABSOLUTE (.))
 *(.dtors)
 *(SORT(.dtors.*))
                [!provide]                        PROVIDE (__DTOR_END__, ABSOLUTE (.))
 *(.jcr)
                0x0000000010002248                . = ALIGN (0x4)

.rodata         0x0000000010002248   0x1c22c8
                0x0000000010002248                PROVIDE (__ram_rodata_start, ABSOLUTE (.))
                0x0000000010002248                . = ALIGN (0x4)
 *(.rodata .rodata.* .gnu.linkonce.r.*)
 .rodata.str1.4
                0x0000000010002248      0x24c obj/default/hello_world_small.o
 .rodata        0x0000000010002494   0x1c2000 obj/default/hello_world_small.o
                0x0000000010002494                myimage
 .rodata.str1.4
                0x00000000101c4494      0x24c ../Project_5_bsp//newlib/nios2-elf/lib/libsmallc.a(lib_a-puts.o)
                                          0x2 (size before relaxing)
 .rodata.str1.4
                0x00000000101c4494       0x54 ../Project_5_bsp//libhal_bsp.a(alt_sys_init.o)
                                         0x64 (size before relaxing)
 .rodata.str1.4
                0x00000000101c44e8       0x1a ../Project_5_bsp//libhal_bsp.a(altera_up_avalon_video_character_buffer_with_dma.o)
 *fill*         0x00000000101c4502        0x2 
 .rodata.str1.4
                0x00000000101c4504        0xc ../Project_5_bsp//libhal_bsp.a(alt_dev.o)
                                          0xa (size before relaxing)
 *(.rodata1)
                0x00000000101c4510                . = ALIGN (0x4)
                0x00000000101c4510                PROVIDE (__ram_rodata_end, ABSOLUTE (.))
                0x0000000010002248                PROVIDE (__flash_rodata_start, LOADADDR (.rodata))

.rwdata         0x00000000101c4510      0x25c load address 0x00000000101c476c
                0x00000000101c4510                PROVIDE (__ram_rwdata_start, ABSOLUTE (.))
                0x00000000101c4510                . = ALIGN (0x4)
 *(.got.plt)
 *(.got)
 *(.data1)
 *(.data .data.* .gnu.linkonce.d.*)
 .data          0x00000000101c4510        0x0 ../Project_5_bsp//obj/HAL/src/crt0.o
 .data          0x00000000101c4510        0x0 obj/default/hello_world_small.o
 .data          0x00000000101c4510        0x0 ../Project_5_bsp//newlib/nios2-elf/lib/libm.a(lib_a-sf_round.o)
 .data          0x00000000101c4510        0x0 ../Project_5_bsp//newlib/nios2-elf/lib/libsmallc.a(lib_a-printf.o)
 .data          0x00000000101c4510        0x0 ../Project_5_bsp//newlib/nios2-elf/lib/libsmallc.a(lib_a-puts.o)
 .data          0x00000000101c4510        0x0 ../Project_5_bsp//newlib/nios2-elf/lib/libsmallc.a(lib_a-strlen.o)
 .data          0x00000000101c4510        0x0 ../Project_5_bsp//newlib/nios2-elf/lib/libsmallc.a(lib_a-vfprintf.o)
 .data          0x00000000101c4510        0x0 ../Project_5_bsp//newlib/nios2-elf/lib/libsmallc.a(lib_a-fvwrite_small_dev.o)
 .data          0x00000000101c4510        0x0 ../Project_5_bsp//newlib/nios2-elf/lib/libsmallc.a(lib_a-impure.o)
 .data.impure_data
                0x00000000101c4510       0xe0 ../Project_5_bsp//newlib/nios2-elf/lib/libsmallc.a(lib_a-impure.o)
 .data          0x00000000101c45f0        0x0 ../Project_5_bsp//newlib/nios2-elf/lib/libsmallc.a(lib_a-writer.o)
 .data          0x00000000101c45f0        0x0 ../Project_5_bsp//newlib/nios2-elf/lib/libsmallc.a(lib_a-int_errno.o)
 .data          0x00000000101c45f0        0x0 /usr/local/3rdparty/altera/18.1/nios2eds/bin/gnu/H-x86_64-pc-linux-gnu/bin/../lib/gcc/nios2-elf/5.3.0/libgcc.a(lib2-divmod.o)
 .data          0x00000000101c45f0        0x0 ../Project_5_bsp//libhal_bsp.a(alt_load.o)
 .data          0x00000000101c45f0        0x0 ../Project_5_bsp//libhal_bsp.a(alt_main.o)
 .data          0x00000000101c45f0        0x0 ../Project_5_bsp//libhal_bsp.a(alt_putstr.o)
 .data          0x00000000101c45f0        0x0 ../Project_5_bsp//libhal_bsp.a(alt_tick.o)
 .data          0x00000000101c45f0        0x0 ../Project_5_bsp//libhal_bsp.a(alt_write.o)
 .data          0x00000000101c45f0       0xe0 ../Project_5_bsp//libhal_bsp.a(alt_sys_init.o)
 .data          0x00000000101c46d0        0x0 ../Project_5_bsp//libhal_bsp.a(altera_avalon_jtag_uart_write.o)
 .data          0x00000000101c46d0        0x0 ../Project_5_bsp//libhal_bsp.a(altera_avalon_timer_sc.o)
 .data          0x00000000101c46d0        0x0 ../Project_5_bsp//libhal_bsp.a(altera_up_avalon_video_character_buffer_with_dma.o)
 .data          0x00000000101c46d0        0x0 ../Project_5_bsp//libhal_bsp.a(altera_up_avalon_video_pixel_buffer_dma.o)
 .data          0x00000000101c46d0        0x0 ../Project_5_bsp//libhal_bsp.a(alt_dcache_flush_all.o)
 .data          0x00000000101c46d0       0x58 ../Project_5_bsp//libhal_bsp.a(alt_dev.o)
                0x00000000101c46d0                alt_fd_list
                0x00000000101c4700                alt_dev_null
 .data          0x00000000101c4728        0x0 ../Project_5_bsp//libhal_bsp.a(alt_dev_llist_insert.o)
 .data          0x00000000101c4728        0x0 ../Project_5_bsp//libhal_bsp.a(alt_errno.o)
 .data          0x00000000101c4728        0x0 ../Project_5_bsp//libhal_bsp.a(alt_find_dev.o)
 .data          0x00000000101c4728        0x0 ../Project_5_bsp//libhal_bsp.a(alt_icache_flush_all.o)
 .data          0x00000000101c4728        0x0 ../Project_5_bsp//libhal_bsp.a(alt_iic.o)
 .data          0x00000000101c4728        0x0 ../Project_5_bsp//libhal_bsp.a(alt_iic_isr_register.o)
 .data          0x00000000101c4728        0x0 ../Project_5_bsp//libhal_bsp.a(alt_irq_entry.o)
 .data          0x00000000101c4728        0x0 ../Project_5_bsp//libhal_bsp.a(alt_irq_handler.o)
 .data          0x00000000101c4728        0x0 ../Project_5_bsp//libhal_bsp.a(alt_irq_vars.o)
 .data          0x00000000101c4728        0x0 ../Project_5_bsp//libhal_bsp.a(altera_nios2_gen2_irq.o)
 .data          0x00000000101c4728        0x0 ../Project_5_bsp//libhal_bsp.a(alt_exception_entry.o)
 .data          0x00000000101c4728        0x0 ../Project_5_bsp//libhal_bsp.a(alt_icache_flush.o)
 .data          0x00000000101c4728        0x0 ../Project_5_bsp//libhal_bsp.a(alt_instruction_exception_entry.o)
 .data          0x00000000101c4728        0x0 ../Project_5_bsp//newlib/nios2-elf/lib/libsmallc.a(lib_a-memcmp.o)
 .data          0x00000000101c4728        0x0 ../Project_5_bsp//newlib/nios2-elf/lib/libsmallc.a(lib_a-strcmp.o)
                0x00000000101cc728                _gp = ABSOLUTE ((. + 0x8000))
                [!provide]                        PROVIDE (gp, _gp)
 *(.rwdata .rwdata.*)
 *(.sdata .sdata.* .gnu.linkonce.s.*)
 .sdata         0x00000000101c4728       0x14 obj/default/hello_world_small.o
                0x00000000101c4728                HALF_COLS
                0x00000000101c472c                HALF_ROWS
                0x00000000101c4730                PI
                0x00000000101c4734                COLS
                0x00000000101c4738                ROWS
 .sdata._global_impure_ptr
                0x00000000101c473c        0x4 ../Project_5_bsp//newlib/nios2-elf/lib/libsmallc.a(lib_a-impure.o)
                0x00000000101c473c                _global_impure_ptr
 .sdata._impure_ptr
                0x00000000101c4740        0x4 ../Project_5_bsp//newlib/nios2-elf/lib/libsmallc.a(lib_a-impure.o)
                0x00000000101c4740                _impure_ptr
 .sdata         0x00000000101c4744        0x8 ../Project_5_bsp//libhal_bsp.a(alt_tick.o)
                0x00000000101c4744                alt_alarm_list
 .sdata         0x00000000101c474c        0x4 ../Project_5_bsp//libhal_bsp.a(alt_sys_init.o)
                0x00000000101c474c                jtag
 .sdata         0x00000000101c4750       0x14 ../Project_5_bsp//libhal_bsp.a(alt_dev.o)
                0x00000000101c4750                alt_max_fd
                0x00000000101c4754                alt_dev_list
                0x00000000101c475c                alt_fs_list
 .sdata         0x00000000101c4764        0x4 ../Project_5_bsp//libhal_bsp.a(alt_errno.o)
                0x00000000101c4764                alt_errno
 .sdata         0x00000000101c4768        0x4 ../Project_5_bsp//libhal_bsp.a(alt_irq_vars.o)
                0x00000000101c4768                alt_priority_mask
 *(.sdata2 .sdata2.* .gnu.linkonce.s2.*)
                0x00000000101c476c                . = ALIGN (0x4)
                0x00000000101c476c                _edata = ABSOLUTE (.)
                [!provide]                        PROVIDE (edata, ABSOLUTE (.))
                0x00000000101c476c                PROVIDE (__ram_rwdata_end, ABSOLUTE (.))
                0x00000000101c476c                PROVIDE (__flash_rwdata_start, LOADADDR (.rwdata))

.bss            0x00000000101c49c8      0x140
                0x00000000101c49c8                __bss_start = ABSOLUTE (.)
                [!provide]                        PROVIDE (__sbss_start, ABSOLUTE (.))
                [!provide]                        PROVIDE (___sbss_start, ABSOLUTE (.))
 *(.dynsbss)
 *(.sbss .sbss.* .gnu.linkonce.sb.*)
 .sbss          0x00000000101c49c8       0x20 obj/default/hello_world_small.o
                0x00000000101c49c8                shifted_row
                0x00000000101c49cc                original_row
                0x00000000101c49d0                theta
                0x00000000101c49d4                thetaCOS
                0x00000000101c49d8                thetaSIN
                0x00000000101c49dc                shifted_col
                0x00000000101c49e0                pixel_buffer
                0x00000000101c49e4                original_col
 .sbss          0x00000000101c49e8        0x4 ../Project_5_bsp//newlib/nios2-elf/lib/libsmallc.a(lib_a-int_errno.o)
                0x00000000101c49e8                errno
 .sbss          0x00000000101c49ec        0xc ../Project_5_bsp//libhal_bsp.a(alt_main.o)
                0x00000000101c49ec                alt_envp
                0x00000000101c49f0                alt_argv
                0x00000000101c49f4                alt_argc
 .sbss          0x00000000101c49f8        0x8 ../Project_5_bsp//libhal_bsp.a(alt_tick.o)
                0x00000000101c49f8                _alt_nticks
                0x00000000101c49fc                _alt_tick_rate
 .sbss          0x00000000101c4a00        0x4 ../Project_5_bsp//libhal_bsp.a(alt_irq_vars.o)
                0x00000000101c4a00                alt_irq_active
 .sbss          0x00000000101c4a04        0x4 ../Project_5_bsp//libhal_bsp.a(alt_instruction_exception_entry.o)
                0x00000000101c4a04                alt_instruction_exception_handler
 *(.sbss2 .sbss2.* .gnu.linkonce.sb2.*)
 *(.scommon)
                [!provide]                        PROVIDE (__sbss_end, ABSOLUTE (.))
                [!provide]                        PROVIDE (___sbss_end, ABSOLUTE (.))
 *(.dynbss)
 *(.bss .bss.* .gnu.linkonce.b.*)
 .bss           0x00000000101c4a08        0x0 ../Project_5_bsp//obj/HAL/src/crt0.o
 .bss           0x00000000101c4a08        0x0 obj/default/hello_world_small.o
 .bss           0x00000000101c4a08        0x0 ../Project_5_bsp//newlib/nios2-elf/lib/libm.a(lib_a-sf_round.o)
 .bss           0x00000000101c4a08        0x0 ../Project_5_bsp//newlib/nios2-elf/lib/libsmallc.a(lib_a-printf.o)
 .bss           0x00000000101c4a08        0x0 ../Project_5_bsp//newlib/nios2-elf/lib/libsmallc.a(lib_a-puts.o)
 .bss           0x00000000101c4a08        0x0 ../Project_5_bsp//newlib/nios2-elf/lib/libsmallc.a(lib_a-strlen.o)
 .bss           0x00000000101c4a08        0x0 ../Project_5_bsp//newlib/nios2-elf/lib/libsmallc.a(lib_a-vfprintf.o)
 .bss           0x00000000101c4a08        0x0 ../Project_5_bsp//newlib/nios2-elf/lib/libsmallc.a(lib_a-fvwrite_small_dev.o)
 .bss           0x00000000101c4a08        0x0 ../Project_5_bsp//newlib/nios2-elf/lib/libsmallc.a(lib_a-impure.o)
 .bss           0x00000000101c4a08        0x0 ../Project_5_bsp//newlib/nios2-elf/lib/libsmallc.a(lib_a-writer.o)
 .bss           0x00000000101c4a08        0x0 ../Project_5_bsp//newlib/nios2-elf/lib/libsmallc.a(lib_a-int_errno.o)
 .bss           0x00000000101c4a08        0x0 /usr/local/3rdparty/altera/18.1/nios2eds/bin/gnu/H-x86_64-pc-linux-gnu/bin/../lib/gcc/nios2-elf/5.3.0/libgcc.a(lib2-divmod.o)
 .bss           0x00000000101c4a08        0x0 ../Project_5_bsp//libhal_bsp.a(alt_load.o)
 .bss           0x00000000101c4a08        0x0 ../Project_5_bsp//libhal_bsp.a(alt_main.o)
 .bss           0x00000000101c4a08        0x0 ../Project_5_bsp//libhal_bsp.a(alt_putstr.o)
 .bss           0x00000000101c4a08        0x0 ../Project_5_bsp//libhal_bsp.a(alt_tick.o)
 .bss           0x00000000101c4a08        0x0 ../Project_5_bsp//libhal_bsp.a(alt_write.o)
 .bss           0x00000000101c4a08        0x0 ../Project_5_bsp//libhal_bsp.a(alt_sys_init.o)
 .bss           0x00000000101c4a08        0x0 ../Project_5_bsp//libhal_bsp.a(altera_avalon_jtag_uart_write.o)
 .bss           0x00000000101c4a08        0x0 ../Project_5_bsp//libhal_bsp.a(altera_avalon_timer_sc.o)
 .bss           0x00000000101c4a08        0x0 ../Project_5_bsp//libhal_bsp.a(altera_up_avalon_video_character_buffer_with_dma.o)
 .bss           0x00000000101c4a08        0x0 ../Project_5_bsp//libhal_bsp.a(altera_up_avalon_video_pixel_buffer_dma.o)
 .bss           0x00000000101c4a08        0x0 ../Project_5_bsp//libhal_bsp.a(alt_dcache_flush_all.o)
 .bss           0x00000000101c4a08        0x0 ../Project_5_bsp//libhal_bsp.a(alt_dev.o)
 .bss           0x00000000101c4a08        0x0 ../Project_5_bsp//libhal_bsp.a(alt_dev_llist_insert.o)
 .bss           0x00000000101c4a08        0x0 ../Project_5_bsp//libhal_bsp.a(alt_errno.o)
 .bss           0x00000000101c4a08        0x0 ../Project_5_bsp//libhal_bsp.a(alt_find_dev.o)
 .bss           0x00000000101c4a08        0x0 ../Project_5_bsp//libhal_bsp.a(alt_icache_flush_all.o)
 .bss           0x00000000101c4a08        0x0 ../Project_5_bsp//libhal_bsp.a(alt_iic.o)
 .bss           0x00000000101c4a08        0x0 ../Project_5_bsp//libhal_bsp.a(alt_iic_isr_register.o)
 .bss           0x00000000101c4a08        0x0 ../Project_5_bsp//libhal_bsp.a(alt_irq_entry.o)
 .bss           0x00000000101c4a08        0x0 ../Project_5_bsp//libhal_bsp.a(alt_irq_handler.o)
 .bss           0x00000000101c4a08        0x0 ../Project_5_bsp//libhal_bsp.a(alt_irq_vars.o)
 .bss           0x00000000101c4a08        0x0 ../Project_5_bsp//libhal_bsp.a(altera_nios2_gen2_irq.o)
 .bss           0x00000000101c4a08        0x0 ../Project_5_bsp//libhal_bsp.a(alt_exception_entry.o)
 .bss           0x00000000101c4a08        0x0 ../Project_5_bsp//libhal_bsp.a(alt_icache_flush.o)
 .bss           0x00000000101c4a08        0x0 ../Project_5_bsp//libhal_bsp.a(alt_instruction_exception_entry.o)
 .bss           0x00000000101c4a08        0x0 ../Project_5_bsp//newlib/nios2-elf/lib/libsmallc.a(lib_a-memcmp.o)
 .bss           0x00000000101c4a08        0x0 ../Project_5_bsp//newlib/nios2-elf/lib/libsmallc.a(lib_a-strcmp.o)
 *(COMMON)
 COMMON         0x00000000101c4a08      0x100 ../Project_5_bsp//libhal_bsp.a(alt_irq_handler.o)
                0x00000000101c4a08                alt_irq
                0x00000000101c4b08                . = ALIGN (0x4)
                0x00000000101c4b08                __bss_end = ABSOLUTE (.)

.sdram_controller
                0x00000000101c4b08        0x0
                [!provide]                        PROVIDE (_alt_partition_sdram_controller_start, ABSOLUTE (.))
 *(.sdram_controller .sdram_controller. sdram_controller.*)
                0x00000000101c4b08                . = ALIGN (0x4)
                [!provide]                        PROVIDE (_alt_partition_sdram_controller_end, ABSOLUTE (.))
                0x00000000101c4b08                _end = ABSOLUTE (.)
                0x00000000101c4b08                end = ABSOLUTE (.)
                0x00000000101c4b08                __alt_stack_base = ABSOLUTE (.)
                [!provide]                        PROVIDE (_alt_partition_sdram_controller_load_addr, LOADADDR (.sdram_controller))

.stab
 *(.stab)

.stabstr
 *(.stabstr)

.stab.excl
 *(.stab.excl)

.stab.exclstr
 *(.stab.exclstr)

.stab.index
 *(.stab.index)

.stab.indexstr
 *(.stab.indexstr)

.comment        0x0000000000000000       0x23
 *(.comment)
 .comment       0x0000000000000000       0x23 obj/default/hello_world_small.o
                                         0x24 (size before relaxing)
 .comment       0x0000000000000023       0x24 ../Project_5_bsp//newlib/nios2-elf/lib/libm.a(lib_a-sf_round.o)
 .comment       0x0000000000000023       0x24 ../Project_5_bsp//newlib/nios2-elf/lib/libsmallc.a(lib_a-printf.o)
 .comment       0x0000000000000023       0x24 ../Project_5_bsp//newlib/nios2-elf/lib/libsmallc.a(lib_a-puts.o)
 .comment       0x0000000000000023       0x24 ../Project_5_bsp//newlib/nios2-elf/lib/libsmallc.a(lib_a-strlen.o)
 .comment       0x0000000000000023       0x24 ../Project_5_bsp//newlib/nios2-elf/lib/libsmallc.a(lib_a-vfprintf.o)
 .comment       0x0000000000000023       0x24 ../Project_5_bsp//newlib/nios2-elf/lib/libsmallc.a(lib_a-fvwrite_small_dev.o)
 .comment       0x0000000000000023       0x24 ../Project_5_bsp//newlib/nios2-elf/lib/libsmallc.a(lib_a-impure.o)
 .comment       0x0000000000000023       0x24 ../Project_5_bsp//newlib/nios2-elf/lib/libsmallc.a(lib_a-writer.o)
 .comment       0x0000000000000023       0x24 ../Project_5_bsp//newlib/nios2-elf/lib/libsmallc.a(lib_a-int_errno.o)
 .comment       0x0000000000000023       0x24 /usr/local/3rdparty/altera/18.1/nios2eds/bin/gnu/H-x86_64-pc-linux-gnu/bin/../lib/gcc/nios2-elf/5.3.0/libgcc.a(lib2-divmod.o)
 .comment       0x0000000000000023       0x24 ../Project_5_bsp//libhal_bsp.a(alt_load.o)
 .comment       0x0000000000000023       0x24 ../Project_5_bsp//libhal_bsp.a(alt_main.o)
 .comment       0x0000000000000023       0x24 ../Project_5_bsp//libhal_bsp.a(alt_putstr.o)
 .comment       0x0000000000000023       0x24 ../Project_5_bsp//libhal_bsp.a(alt_tick.o)
 .comment       0x0000000000000023       0x24 ../Project_5_bsp//libhal_bsp.a(alt_write.o)
 .comment       0x0000000000000023       0x24 ../Project_5_bsp//libhal_bsp.a(alt_sys_init.o)
 .comment       0x0000000000000023       0x24 ../Project_5_bsp//libhal_bsp.a(altera_avalon_jtag_uart_write.o)
 .comment       0x0000000000000023       0x24 ../Project_5_bsp//libhal_bsp.a(altera_avalon_timer_sc.o)
 .comment       0x0000000000000023       0x24 ../Project_5_bsp//libhal_bsp.a(altera_up_avalon_video_character_buffer_with_dma.o)
 .comment       0x0000000000000023       0x24 ../Project_5_bsp//libhal_bsp.a(altera_up_avalon_video_pixel_buffer_dma.o)
 .comment       0x0000000000000023       0x24 ../Project_5_bsp//libhal_bsp.a(alt_dcache_flush_all.o)
 .comment       0x0000000000000023       0x24 ../Project_5_bsp//libhal_bsp.a(alt_dev.o)
 .comment       0x0000000000000023       0x24 ../Project_5_bsp//libhal_bsp.a(alt_dev_llist_insert.o)
 .comment       0x0000000000000023       0x24 ../Project_5_bsp//libhal_bsp.a(alt_errno.o)
 .comment       0x0000000000000023       0x24 ../Project_5_bsp//libhal_bsp.a(alt_find_dev.o)
 .comment       0x0000000000000023       0x24 ../Project_5_bsp//libhal_bsp.a(alt_icache_flush_all.o)
 .comment       0x0000000000000023       0x24 ../Project_5_bsp//libhal_bsp.a(alt_iic.o)
 .comment       0x0000000000000023       0x24 ../Project_5_bsp//libhal_bsp.a(alt_iic_isr_register.o)
 .comment       0x0000000000000023       0x24 ../Project_5_bsp//libhal_bsp.a(alt_irq_handler.o)
 .comment       0x0000000000000023       0x24 ../Project_5_bsp//libhal_bsp.a(alt_irq_vars.o)
 .comment       0x0000000000000023       0x24 ../Project_5_bsp//libhal_bsp.a(altera_nios2_gen2_irq.o)
 .comment       0x0000000000000023       0x24 ../Project_5_bsp//libhal_bsp.a(alt_icache_flush.o)
 .comment       0x0000000000000023       0x24 ../Project_5_bsp//libhal_bsp.a(alt_instruction_exception_entry.o)
 .comment       0x0000000000000023       0x24 ../Project_5_bsp//newlib/nios2-elf/lib/libsmallc.a(lib_a-memcmp.o)
 .comment       0x0000000000000023       0x24 ../Project_5_bsp//newlib/nios2-elf/lib/libsmallc.a(lib_a-strcmp.o)

.debug
 *(.debug)

.line
 *(.line)

.debug_srcinfo
 *(.debug_srcinfo)

.debug_sfnames
 *(.debug_sfnames)

.debug_aranges  0x0000000000000000      0x520
 *(.debug_aranges)
 .debug_aranges
                0x0000000000000000       0x28 ../Project_5_bsp//obj/HAL/src/crt0.o
 .debug_aranges
                0x0000000000000028       0x28 obj/default/hello_world_small.o
 .debug_aranges
                0x0000000000000050       0x20 ../Project_5_bsp//newlib/nios2-elf/lib/libm.a(lib_a-sf_round.o)
 .debug_aranges
                0x0000000000000070       0x28 ../Project_5_bsp//newlib/nios2-elf/lib/libsmallc.a(lib_a-printf.o)
 .debug_aranges
                0x0000000000000098       0x28 ../Project_5_bsp//newlib/nios2-elf/lib/libsmallc.a(lib_a-puts.o)
 .debug_aranges
                0x00000000000000c0       0x20 ../Project_5_bsp//newlib/nios2-elf/lib/libsmallc.a(lib_a-strlen.o)
 .debug_aranges
                0x00000000000000e0       0x30 ../Project_5_bsp//newlib/nios2-elf/lib/libsmallc.a(lib_a-vfprintf.o)
 .debug_aranges
                0x0000000000000110       0x20 ../Project_5_bsp//newlib/nios2-elf/lib/libsmallc.a(lib_a-fvwrite_small_dev.o)
 .debug_aranges
                0x0000000000000130       0x18 ../Project_5_bsp//newlib/nios2-elf/lib/libsmallc.a(lib_a-impure.o)
 .debug_aranges
                0x0000000000000148       0x20 ../Project_5_bsp//newlib/nios2-elf/lib/libsmallc.a(lib_a-writer.o)
 .debug_aranges
                0x0000000000000168       0x18 ../Project_5_bsp//newlib/nios2-elf/lib/libsmallc.a(lib_a-int_errno.o)
 .debug_aranges
                0x0000000000000180       0x20 /usr/local/3rdparty/altera/18.1/nios2eds/bin/gnu/H-x86_64-pc-linux-gnu/bin/../lib/gcc/nios2-elf/5.3.0/libgcc.a(lib2-divmod.o)
 .debug_aranges
                0x00000000000001a0       0x20 ../Project_5_bsp//libhal_bsp.a(alt_load.o)
 .debug_aranges
                0x00000000000001c0       0x20 ../Project_5_bsp//libhal_bsp.a(alt_main.o)
 .debug_aranges
                0x00000000000001e0       0x20 ../Project_5_bsp//libhal_bsp.a(alt_putstr.o)
 .debug_aranges
                0x0000000000000200       0x20 ../Project_5_bsp//libhal_bsp.a(alt_tick.o)
 .debug_aranges
                0x0000000000000220       0x20 ../Project_5_bsp//libhal_bsp.a(alt_write.o)
 .debug_aranges
                0x0000000000000240       0x20 ../Project_5_bsp//libhal_bsp.a(alt_sys_init.o)
 .debug_aranges
                0x0000000000000260       0x20 ../Project_5_bsp//libhal_bsp.a(altera_avalon_jtag_uart_write.o)
 .debug_aranges
                0x0000000000000280       0x20 ../Project_5_bsp//libhal_bsp.a(altera_avalon_timer_sc.o)
 .debug_aranges
                0x00000000000002a0       0x20 ../Project_5_bsp//libhal_bsp.a(altera_up_avalon_video_character_buffer_with_dma.o)
 .debug_aranges
                0x00000000000002c0       0x20 ../Project_5_bsp//libhal_bsp.a(altera_up_avalon_video_pixel_buffer_dma.o)
 .debug_aranges
                0x00000000000002e0       0x20 ../Project_5_bsp//libhal_bsp.a(alt_dcache_flush_all.o)
 .debug_aranges
                0x0000000000000300       0x20 ../Project_5_bsp//libhal_bsp.a(alt_dev.o)
 .debug_aranges
                0x0000000000000320       0x20 ../Project_5_bsp//libhal_bsp.a(alt_dev_llist_insert.o)
 .debug_aranges
                0x0000000000000340       0x18 ../Project_5_bsp//libhal_bsp.a(alt_errno.o)
 .debug_aranges
                0x0000000000000358       0x20 ../Project_5_bsp//libhal_bsp.a(alt_find_dev.o)
 .debug_aranges
                0x0000000000000378       0x20 ../Project_5_bsp//libhal_bsp.a(alt_icache_flush_all.o)
 .debug_aranges
                0x0000000000000398       0x20 ../Project_5_bsp//libhal_bsp.a(alt_iic.o)
 .debug_aranges
                0x00000000000003b8       0x20 ../Project_5_bsp//libhal_bsp.a(alt_iic_isr_register.o)
 .debug_aranges
                0x00000000000003d8       0x30 ../Project_5_bsp//libhal_bsp.a(alt_irq_entry.o)
 .debug_aranges
                0x0000000000000408       0x20 ../Project_5_bsp//libhal_bsp.a(alt_irq_handler.o)
 .debug_aranges
                0x0000000000000428       0x18 ../Project_5_bsp//libhal_bsp.a(alt_irq_vars.o)
 .debug_aranges
                0x0000000000000440       0x20 ../Project_5_bsp//libhal_bsp.a(altera_nios2_gen2_irq.o)
 .debug_aranges
                0x0000000000000460       0x38 ../Project_5_bsp//libhal_bsp.a(alt_exception_entry.o)
 .debug_aranges
                0x0000000000000498       0x20 ../Project_5_bsp//libhal_bsp.a(alt_icache_flush.o)
 .debug_aranges
                0x00000000000004b8       0x28 ../Project_5_bsp//libhal_bsp.a(alt_instruction_exception_entry.o)
 .debug_aranges
                0x00000000000004e0       0x20 ../Project_5_bsp//newlib/nios2-elf/lib/libsmallc.a(lib_a-memcmp.o)
 .debug_aranges
                0x0000000000000500       0x20 ../Project_5_bsp//newlib/nios2-elf/lib/libsmallc.a(lib_a-strcmp.o)

.debug_pubnames
 *(.debug_pubnames)

.debug_info     0x0000000000000000     0x77cc
 *(.debug_info .gnu.linkonce.wi.*)
 .debug_info    0x0000000000000000       0x67 ../Project_5_bsp//obj/HAL/src/crt0.o
 .debug_info    0x0000000000000067      0xa56 obj/default/hello_world_small.o
 .debug_info    0x0000000000000abd       0xe9 ../Project_5_bsp//newlib/nios2-elf/lib/libm.a(lib_a-sf_round.o)
 .debug_info    0x0000000000000ba6      0x695 ../Project_5_bsp//newlib/nios2-elf/lib/libsmallc.a(lib_a-printf.o)
 .debug_info    0x000000000000123b      0x669 ../Project_5_bsp//newlib/nios2-elf/lib/libsmallc.a(lib_a-puts.o)
 .debug_info    0x00000000000018a4       0xc5 ../Project_5_bsp//newlib/nios2-elf/lib/libsmallc.a(lib_a-strlen.o)
 .debug_info    0x0000000000001969      0xb27 ../Project_5_bsp//newlib/nios2-elf/lib/libsmallc.a(lib_a-vfprintf.o)
 .debug_info    0x0000000000002490      0x627 ../Project_5_bsp//newlib/nios2-elf/lib/libsmallc.a(lib_a-fvwrite_small_dev.o)
 .debug_info    0x0000000000002ab7      0x5a5 ../Project_5_bsp//newlib/nios2-elf/lib/libsmallc.a(lib_a-impure.o)
 .debug_info    0x000000000000305c      0x62c ../Project_5_bsp//newlib/nios2-elf/lib/libsmallc.a(lib_a-writer.o)
 .debug_info    0x0000000000003688       0x86 ../Project_5_bsp//newlib/nios2-elf/lib/libsmallc.a(lib_a-int_errno.o)
 .debug_info    0x000000000000370e      0x2c6 /usr/local/3rdparty/altera/18.1/nios2eds/bin/gnu/H-x86_64-pc-linux-gnu/bin/../lib/gcc/nios2-elf/5.3.0/libgcc.a(lib2-divmod.o)
 .debug_info    0x00000000000039d4      0x1c9 ../Project_5_bsp//libhal_bsp.a(alt_load.o)
 .debug_info    0x0000000000003b9d      0x169 ../Project_5_bsp//libhal_bsp.a(alt_main.o)
 .debug_info    0x0000000000003d06      0x13a ../Project_5_bsp//libhal_bsp.a(alt_putstr.o)
 .debug_info    0x0000000000003e40      0x2a9 ../Project_5_bsp//libhal_bsp.a(alt_tick.o)
 .debug_info    0x00000000000040e9      0x1c7 ../Project_5_bsp//libhal_bsp.a(alt_write.o)
 .debug_info    0x00000000000042b0      0x6d0 ../Project_5_bsp//libhal_bsp.a(alt_sys_init.o)
 .debug_info    0x0000000000004980      0x197 ../Project_5_bsp//libhal_bsp.a(altera_avalon_jtag_uart_write.o)
 .debug_info    0x0000000000004b17      0x270 ../Project_5_bsp//libhal_bsp.a(altera_avalon_timer_sc.o)
 .debug_info    0x0000000000004d87      0x4ab ../Project_5_bsp//libhal_bsp.a(altera_up_avalon_video_character_buffer_with_dma.o)
 .debug_info    0x0000000000005232      0xc5d ../Project_5_bsp//libhal_bsp.a(altera_up_avalon_video_pixel_buffer_dma.o)
 .debug_info    0x0000000000005e8f       0xa6 ../Project_5_bsp//libhal_bsp.a(alt_dcache_flush_all.o)
 .debug_info    0x0000000000005f35      0x499 ../Project_5_bsp//libhal_bsp.a(alt_dev.o)
 .debug_info    0x00000000000063ce      0x1b3 ../Project_5_bsp//libhal_bsp.a(alt_dev_llist_insert.o)
 .debug_info    0x0000000000006581       0xa6 ../Project_5_bsp//libhal_bsp.a(alt_errno.o)
 .debug_info    0x0000000000006627      0x32d ../Project_5_bsp//libhal_bsp.a(alt_find_dev.o)
 .debug_info    0x0000000000006954       0xb8 ../Project_5_bsp//libhal_bsp.a(alt_icache_flush_all.o)
 .debug_info    0x0000000000006a0c      0x38a ../Project_5_bsp//libhal_bsp.a(alt_iic.o)
 .debug_info    0x0000000000006d96      0x232 ../Project_5_bsp//libhal_bsp.a(alt_iic_isr_register.o)
 .debug_info    0x0000000000006fc8       0x70 ../Project_5_bsp//libhal_bsp.a(alt_irq_entry.o)
 .debug_info    0x0000000000007038      0x184 ../Project_5_bsp//libhal_bsp.a(alt_irq_handler.o)
 .debug_info    0x00000000000071bc       0x88 ../Project_5_bsp//libhal_bsp.a(alt_irq_vars.o)
 .debug_info    0x0000000000007244       0x92 ../Project_5_bsp//libhal_bsp.a(altera_nios2_gen2_irq.o)
 .debug_info    0x00000000000072d6       0x76 ../Project_5_bsp//libhal_bsp.a(alt_exception_entry.o)
 .debug_info    0x000000000000734c       0xde ../Project_5_bsp//libhal_bsp.a(alt_icache_flush.o)
 .debug_info    0x000000000000742a      0x1f8 ../Project_5_bsp//libhal_bsp.a(alt_instruction_exception_entry.o)
 .debug_info    0x0000000000007622       0xf0 ../Project_5_bsp//newlib/nios2-elf/lib/libsmallc.a(lib_a-memcmp.o)
 .debug_info    0x0000000000007712       0xba ../Project_5_bsp//newlib/nios2-elf/lib/libsmallc.a(lib_a-strcmp.o)

.debug_abbrev   0x0000000000000000     0x28c8
 *(.debug_abbrev)
 .debug_abbrev  0x0000000000000000       0x12 ../Project_5_bsp//obj/HAL/src/crt0.o
 .debug_abbrev  0x0000000000000012      0x24f obj/default/hello_world_small.o
 .debug_abbrev  0x0000000000000261       0x92 ../Project_5_bsp//newlib/nios2-elf/lib/libm.a(lib_a-sf_round.o)
 .debug_abbrev  0x00000000000002f3      0x1ec ../Project_5_bsp//newlib/nios2-elf/lib/libsmallc.a(lib_a-printf.o)
 .debug_abbrev  0x00000000000004df      0x1d4 ../Project_5_bsp//newlib/nios2-elf/lib/libsmallc.a(lib_a-puts.o)
 .debug_abbrev  0x00000000000006b3       0x7d ../Project_5_bsp//newlib/nios2-elf/lib/libsmallc.a(lib_a-strlen.o)
 .debug_abbrev  0x0000000000000730      0x29f ../Project_5_bsp//newlib/nios2-elf/lib/libsmallc.a(lib_a-vfprintf.o)
 .debug_abbrev  0x00000000000009cf      0x1ba ../Project_5_bsp//newlib/nios2-elf/lib/libsmallc.a(lib_a-fvwrite_small_dev.o)
 .debug_abbrev  0x0000000000000b89      0x148 ../Project_5_bsp//newlib/nios2-elf/lib/libsmallc.a(lib_a-impure.o)
 .debug_abbrev  0x0000000000000cd1      0x1a4 ../Project_5_bsp//newlib/nios2-elf/lib/libsmallc.a(lib_a-writer.o)
 .debug_abbrev  0x0000000000000e75       0x35 ../Project_5_bsp//newlib/nios2-elf/lib/libsmallc.a(lib_a-int_errno.o)
 .debug_abbrev  0x0000000000000eaa      0x10e /usr/local/3rdparty/altera/18.1/nios2eds/bin/gnu/H-x86_64-pc-linux-gnu/bin/../lib/gcc/nios2-elf/5.3.0/libgcc.a(lib2-divmod.o)
 .debug_abbrev  0x0000000000000fb8       0xd8 ../Project_5_bsp//libhal_bsp.a(alt_load.o)
 .debug_abbrev  0x0000000000001090       0xee ../Project_5_bsp//libhal_bsp.a(alt_main.o)
 .debug_abbrev  0x000000000000117e       0xd3 ../Project_5_bsp//libhal_bsp.a(alt_putstr.o)
 .debug_abbrev  0x0000000000001251      0x187 ../Project_5_bsp//libhal_bsp.a(alt_tick.o)
 .debug_abbrev  0x00000000000013d8      0x12e ../Project_5_bsp//libhal_bsp.a(alt_write.o)
 .debug_abbrev  0x0000000000001506      0x20b ../Project_5_bsp//libhal_bsp.a(alt_sys_init.o)
 .debug_abbrev  0x0000000000001711       0xd5 ../Project_5_bsp//libhal_bsp.a(altera_avalon_jtag_uart_write.o)
 .debug_abbrev  0x00000000000017e6      0x191 ../Project_5_bsp//libhal_bsp.a(altera_avalon_timer_sc.o)
 .debug_abbrev  0x0000000000001977      0x16b ../Project_5_bsp//libhal_bsp.a(altera_up_avalon_video_character_buffer_with_dma.o)
 .debug_abbrev  0x0000000000001ae2      0x256 ../Project_5_bsp//libhal_bsp.a(altera_up_avalon_video_pixel_buffer_dma.o)
 .debug_abbrev  0x0000000000001d38       0x5a ../Project_5_bsp//libhal_bsp.a(alt_dcache_flush_all.o)
 .debug_abbrev  0x0000000000001d92       0xd9 ../Project_5_bsp//libhal_bsp.a(alt_dev.o)
 .debug_abbrev  0x0000000000001e6b      0x11c ../Project_5_bsp//libhal_bsp.a(alt_dev_llist_insert.o)
 .debug_abbrev  0x0000000000001f87       0x5a ../Project_5_bsp//libhal_bsp.a(alt_errno.o)
 .debug_abbrev  0x0000000000001fe1      0x125 ../Project_5_bsp//libhal_bsp.a(alt_find_dev.o)
 .debug_abbrev  0x0000000000002106       0x6f ../Project_5_bsp//libhal_bsp.a(alt_icache_flush_all.o)
 .debug_abbrev  0x0000000000002175      0x1a0 ../Project_5_bsp//libhal_bsp.a(alt_iic.o)
 .debug_abbrev  0x0000000000002315      0x19c ../Project_5_bsp//libhal_bsp.a(alt_iic_isr_register.o)
 .debug_abbrev  0x00000000000024b1       0x12 ../Project_5_bsp//libhal_bsp.a(alt_irq_entry.o)
 .debug_abbrev  0x00000000000024c3      0x120 ../Project_5_bsp//libhal_bsp.a(alt_irq_handler.o)
 .debug_abbrev  0x00000000000025e3       0x40 ../Project_5_bsp//libhal_bsp.a(alt_irq_vars.o)
 .debug_abbrev  0x0000000000002623       0x42 ../Project_5_bsp//libhal_bsp.a(altera_nios2_gen2_irq.o)
 .debug_abbrev  0x0000000000002665       0x12 ../Project_5_bsp//libhal_bsp.a(alt_exception_entry.o)
 .debug_abbrev  0x0000000000002677       0x9b ../Project_5_bsp//libhal_bsp.a(alt_icache_flush.o)
 .debug_abbrev  0x0000000000002712       0xd8 ../Project_5_bsp//libhal_bsp.a(alt_instruction_exception_entry.o)
 .debug_abbrev  0x00000000000027ea       0x7d ../Project_5_bsp//newlib/nios2-elf/lib/libsmallc.a(lib_a-memcmp.o)
 .debug_abbrev  0x0000000000002867       0x61 ../Project_5_bsp//newlib/nios2-elf/lib/libsmallc.a(lib_a-strcmp.o)

.debug_line     0x0000000000000000     0x2e87
 *(.debug_line)
 .debug_line    0x0000000000000000       0x72 ../Project_5_bsp//obj/HAL/src/crt0.o
 .debug_line    0x0000000000000072      0x30f obj/default/hello_world_small.o
 .debug_line    0x0000000000000381      0x170 ../Project_5_bsp//newlib/nios2-elf/lib/libm.a(lib_a-sf_round.o)
 .debug_line    0x00000000000004f1      0x1fd ../Project_5_bsp//newlib/nios2-elf/lib/libsmallc.a(lib_a-printf.o)
 .debug_line    0x00000000000006ee      0x201 ../Project_5_bsp//newlib/nios2-elf/lib/libsmallc.a(lib_a-puts.o)
 .debug_line    0x00000000000008ef      0x163 ../Project_5_bsp//newlib/nios2-elf/lib/libsmallc.a(lib_a-strlen.o)
 .debug_line    0x0000000000000a52      0x34c ../Project_5_bsp//newlib/nios2-elf/lib/libsmallc.a(lib_a-vfprintf.o)
 .debug_line    0x0000000000000d9e      0x1eb ../Project_5_bsp//newlib/nios2-elf/lib/libsmallc.a(lib_a-fvwrite_small_dev.o)
 .debug_line    0x0000000000000f89      0x15d ../Project_5_bsp//newlib/nios2-elf/lib/libsmallc.a(lib_a-impure.o)
 .debug_line    0x00000000000010e6      0x1e5 ../Project_5_bsp//newlib/nios2-elf/lib/libsmallc.a(lib_a-writer.o)
 .debug_line    0x00000000000012cb       0x7e ../Project_5_bsp//newlib/nios2-elf/lib/libsmallc.a(lib_a-int_errno.o)
 .debug_line    0x0000000000001349      0x102 /usr/local/3rdparty/altera/18.1/nios2eds/bin/gnu/H-x86_64-pc-linux-gnu/bin/../lib/gcc/nios2-elf/5.3.0/libgcc.a(lib2-divmod.o)
 .debug_line    0x000000000000144b       0xa4 ../Project_5_bsp//libhal_bsp.a(alt_load.o)
 .debug_line    0x00000000000014ef       0xbd ../Project_5_bsp//libhal_bsp.a(alt_main.o)
 .debug_line    0x00000000000015ac       0xae ../Project_5_bsp//libhal_bsp.a(alt_putstr.o)
 .debug_line    0x000000000000165a      0x104 ../Project_5_bsp//libhal_bsp.a(alt_tick.o)
 .debug_line    0x000000000000175e      0x186 ../Project_5_bsp//libhal_bsp.a(alt_write.o)
 .debug_line    0x00000000000018e4      0x24b ../Project_5_bsp//libhal_bsp.a(alt_sys_init.o)
 .debug_line    0x0000000000001b2f       0xf0 ../Project_5_bsp//libhal_bsp.a(altera_avalon_jtag_uart_write.o)
 .debug_line    0x0000000000001c1f       0xfe ../Project_5_bsp//libhal_bsp.a(altera_avalon_timer_sc.o)
 .debug_line    0x0000000000001d1d      0x1b3 ../Project_5_bsp//libhal_bsp.a(altera_up_avalon_video_character_buffer_with_dma.o)
 .debug_line    0x0000000000001ed0      0x3df ../Project_5_bsp//libhal_bsp.a(altera_up_avalon_video_pixel_buffer_dma.o)
 .debug_line    0x00000000000022af       0x5a ../Project_5_bsp//libhal_bsp.a(alt_dcache_flush_all.o)
 .debug_line    0x0000000000002309      0x104 ../Project_5_bsp//libhal_bsp.a(alt_dev.o)
 .debug_line    0x000000000000240d       0xd8 ../Project_5_bsp//libhal_bsp.a(alt_dev_llist_insert.o)
 .debug_line    0x00000000000024e5       0x51 ../Project_5_bsp//libhal_bsp.a(alt_errno.o)
 .debug_line    0x0000000000002536      0x115 ../Project_5_bsp//libhal_bsp.a(alt_find_dev.o)
 .debug_line    0x000000000000264b       0x6e ../Project_5_bsp//libhal_bsp.a(alt_icache_flush_all.o)
 .debug_line    0x00000000000026b9       0xf1 ../Project_5_bsp//libhal_bsp.a(alt_iic.o)
 .debug_line    0x00000000000027aa       0xd6 ../Project_5_bsp//libhal_bsp.a(alt_iic_isr_register.o)
 .debug_line    0x0000000000002880       0x6b ../Project_5_bsp//libhal_bsp.a(alt_irq_entry.o)
 .debug_line    0x00000000000028eb       0xa5 ../Project_5_bsp//libhal_bsp.a(alt_irq_handler.o)
 .debug_line    0x0000000000002990       0x50 ../Project_5_bsp//libhal_bsp.a(alt_irq_vars.o)
 .debug_line    0x00000000000029e0       0x50 ../Project_5_bsp//libhal_bsp.a(altera_nios2_gen2_irq.o)
 .debug_line    0x0000000000002a30       0xb3 ../Project_5_bsp//libhal_bsp.a(alt_exception_entry.o)
 .debug_line    0x0000000000002ae3       0x7d ../Project_5_bsp//libhal_bsp.a(alt_icache_flush.o)
 .debug_line    0x0000000000002b60       0xc6 ../Project_5_bsp//libhal_bsp.a(alt_instruction_exception_entry.o)
 .debug_line    0x0000000000002c26      0x167 ../Project_5_bsp//newlib/nios2-elf/lib/libsmallc.a(lib_a-memcmp.o)
 .debug_line    0x0000000000002d8d       0xfa ../Project_5_bsp//newlib/nios2-elf/lib/libsmallc.a(lib_a-strcmp.o)

.debug_frame    0x0000000000000000      0x87c
 *(.debug_frame)
 .debug_frame   0x0000000000000000       0xbc obj/default/hello_world_small.o
 .debug_frame   0x00000000000000bc       0x20 ../Project_5_bsp//newlib/nios2-elf/lib/libm.a(lib_a-sf_round.o)
 .debug_frame   0x00000000000000dc       0x48 ../Project_5_bsp//newlib/nios2-elf/lib/libsmallc.a(lib_a-printf.o)
 .debug_frame   0x0000000000000124       0x48 ../Project_5_bsp//newlib/nios2-elf/lib/libsmallc.a(lib_a-puts.o)
 .debug_frame   0x000000000000016c       0x20 ../Project_5_bsp//newlib/nios2-elf/lib/libsmallc.a(lib_a-strlen.o)
 .debug_frame   0x000000000000018c       0x8c ../Project_5_bsp//newlib/nios2-elf/lib/libsmallc.a(lib_a-vfprintf.o)
 .debug_frame   0x0000000000000218       0x58 ../Project_5_bsp//newlib/nios2-elf/lib/libsmallc.a(lib_a-fvwrite_small_dev.o)
 .debug_frame   0x0000000000000270       0x30 ../Project_5_bsp//newlib/nios2-elf/lib/libsmallc.a(lib_a-writer.o)
 .debug_frame   0x00000000000002a0       0x50 /usr/local/3rdparty/altera/18.1/nios2eds/bin/gnu/H-x86_64-pc-linux-gnu/bin/../lib/gcc/nios2-elf/5.3.0/libgcc.a(lib2-divmod.o)
 .debug_frame   0x00000000000002f0       0x30 ../Project_5_bsp//libhal_bsp.a(alt_load.o)
 .debug_frame   0x0000000000000320       0x2c ../Project_5_bsp//libhal_bsp.a(alt_main.o)
 .debug_frame   0x000000000000034c       0x30 ../Project_5_bsp//libhal_bsp.a(alt_putstr.o)
 .debug_frame   0x000000000000037c       0x50 ../Project_5_bsp//libhal_bsp.a(alt_tick.o)
 .debug_frame   0x00000000000003cc       0x2c ../Project_5_bsp//libhal_bsp.a(alt_write.o)
 .debug_frame   0x00000000000003f8       0x4c ../Project_5_bsp//libhal_bsp.a(alt_sys_init.o)
 .debug_frame   0x0000000000000444       0x20 ../Project_5_bsp//libhal_bsp.a(altera_avalon_jtag_uart_write.o)
 .debug_frame   0x0000000000000464       0x4c ../Project_5_bsp//libhal_bsp.a(altera_avalon_timer_sc.o)
 .debug_frame   0x00000000000004b0       0x70 ../Project_5_bsp//libhal_bsp.a(altera_up_avalon_video_character_buffer_with_dma.o)
 .debug_frame   0x0000000000000520      0x130 ../Project_5_bsp//libhal_bsp.a(altera_up_avalon_video_pixel_buffer_dma.o)
 .debug_frame   0x0000000000000650       0x20 ../Project_5_bsp//libhal_bsp.a(alt_dcache_flush_all.o)
 .debug_frame   0x0000000000000670       0x20 ../Project_5_bsp//libhal_bsp.a(alt_dev.o)
 .debug_frame   0x0000000000000690       0x2c ../Project_5_bsp//libhal_bsp.a(alt_dev_llist_insert.o)
 .debug_frame   0x00000000000006bc       0x3c ../Project_5_bsp//libhal_bsp.a(alt_find_dev.o)
 .debug_frame   0x00000000000006f8       0x20 ../Project_5_bsp//libhal_bsp.a(alt_icache_flush_all.o)
 .debug_frame   0x0000000000000718       0x50 ../Project_5_bsp//libhal_bsp.a(alt_iic.o)
 .debug_frame   0x0000000000000768       0x30 ../Project_5_bsp//libhal_bsp.a(alt_iic_isr_register.o)
 .debug_frame   0x0000000000000798       0x34 ../Project_5_bsp//libhal_bsp.a(alt_irq_handler.o)
 .debug_frame   0x00000000000007cc       0x20 ../Project_5_bsp//libhal_bsp.a(altera_nios2_gen2_irq.o)
 .debug_frame   0x00000000000007ec       0x20 ../Project_5_bsp//libhal_bsp.a(alt_icache_flush.o)
 .debug_frame   0x000000000000080c       0x30 ../Project_5_bsp//libhal_bsp.a(alt_instruction_exception_entry.o)
 .debug_frame   0x000000000000083c       0x20 ../Project_5_bsp//newlib/nios2-elf/lib/libsmallc.a(lib_a-memcmp.o)
 .debug_frame   0x000000000000085c       0x20 ../Project_5_bsp//newlib/nios2-elf/lib/libsmallc.a(lib_a-strcmp.o)

.debug_str      0x0000000000000000     0x24e1
 *(.debug_str)
 .debug_str     0x0000000000000000      0x53c obj/default/hello_world_small.o
                                        0x5dc (size before relaxing)
 .debug_str     0x000000000000053c      0x249 ../Project_5_bsp//newlib/nios2-elf/lib/libm.a(lib_a-sf_round.o)
                                        0x2fb (size before relaxing)
 .debug_str     0x0000000000000785      0x501 ../Project_5_bsp//newlib/nios2-elf/lib/libsmallc.a(lib_a-printf.o)
                                        0x5e3 (size before relaxing)
 .debug_str     0x0000000000000c86       0x7d ../Project_5_bsp//newlib/nios2-elf/lib/libsmallc.a(lib_a-puts.o)
                                        0x5ac (size before relaxing)
 .debug_str     0x0000000000000d03       0x5c ../Project_5_bsp//newlib/nios2-elf/lib/libsmallc.a(lib_a-strlen.o)
                                        0x2c3 (size before relaxing)
 .debug_str     0x0000000000000d5f      0x365 ../Project_5_bsp//newlib/nios2-elf/lib/libsmallc.a(lib_a-vfprintf.o)
                                        0x75e (size before relaxing)
 .debug_str     0x00000000000010c4       0x82 ../Project_5_bsp//newlib/nios2-elf/lib/libsmallc.a(lib_a-fvwrite_small_dev.o)
                                        0x5b3 (size before relaxing)
 .debug_str     0x0000000000001146       0x7a ../Project_5_bsp//newlib/nios2-elf/lib/libsmallc.a(lib_a-impure.o)
                                        0x59d (size before relaxing)
 .debug_str     0x00000000000011c0       0x64 ../Project_5_bsp//newlib/nios2-elf/lib/libsmallc.a(lib_a-writer.o)
                                        0x597 (size before relaxing)
 .debug_str     0x0000000000001224       0x5e ../Project_5_bsp//newlib/nios2-elf/lib/libsmallc.a(lib_a-int_errno.o)
                                        0x2b7 (size before relaxing)
 .debug_str     0x0000000000001282      0x16e /usr/local/3rdparty/altera/18.1/nios2eds/bin/gnu/H-x86_64-pc-linux-gnu/bin/../lib/gcc/nios2-elf/5.3.0/libgcc.a(lib2-divmod.o)
                                        0x1b9 (size before relaxing)
 .debug_str     0x00000000000013f0      0x146 ../Project_5_bsp//libhal_bsp.a(alt_load.o)
                                        0x35a (size before relaxing)
 .debug_str     0x0000000000001536       0x5e ../Project_5_bsp//libhal_bsp.a(alt_main.o)
                                        0x2d3 (size before relaxing)
 .debug_str     0x0000000000001594       0x58 ../Project_5_bsp//libhal_bsp.a(alt_putstr.o)
                                        0x2a9 (size before relaxing)
 .debug_str     0x00000000000015ec       0xaf ../Project_5_bsp//libhal_bsp.a(alt_tick.o)
                                        0x370 (size before relaxing)
 .debug_str     0x000000000000169b       0x2c ../Project_5_bsp//libhal_bsp.a(alt_write.o)
                                        0x2f7 (size before relaxing)
 .debug_str     0x00000000000016c7      0x200 ../Project_5_bsp//libhal_bsp.a(alt_sys_init.o)
                                        0x5fe (size before relaxing)
 .debug_str     0x00000000000018c7       0x2c ../Project_5_bsp//libhal_bsp.a(altera_avalon_jtag_uart_write.o)
                                        0x333 (size before relaxing)
 .debug_str     0x00000000000018f3       0x7a ../Project_5_bsp//libhal_bsp.a(altera_avalon_timer_sc.o)
                                        0x386 (size before relaxing)
 .debug_str     0x000000000000196d       0xc6 ../Project_5_bsp//libhal_bsp.a(altera_up_avalon_video_character_buffer_with_dma.o)
                                        0x454 (size before relaxing)
 .debug_str     0x0000000000001a33      0x20d ../Project_5_bsp//libhal_bsp.a(altera_up_avalon_video_pixel_buffer_dma.o)
                                        0x63c (size before relaxing)
 .debug_str     0x0000000000001c40       0x1f ../Project_5_bsp//libhal_bsp.a(alt_dcache_flush_all.o)
                                        0x273 (size before relaxing)
 .debug_str     0x0000000000001c5f      0x12c ../Project_5_bsp//libhal_bsp.a(alt_dev.o)
                                        0x423 (size before relaxing)
 .debug_str     0x0000000000001d8b       0x30 ../Project_5_bsp//libhal_bsp.a(alt_dev_llist_insert.o)
                                        0x2ea (size before relaxing)
 .debug_str     0x0000000000001dbb       0x14 ../Project_5_bsp//libhal_bsp.a(alt_errno.o)
                                        0x263 (size before relaxing)
 .debug_str     0x0000000000001dcf       0x1e ../Project_5_bsp//libhal_bsp.a(alt_find_dev.o)
                                        0x318 (size before relaxing)
 .debug_str     0x0000000000001ded       0x30 ../Project_5_bsp//libhal_bsp.a(alt_icache_flush_all.o)
                                        0x284 (size before relaxing)
 .debug_str     0x0000000000001e1d       0xbe ../Project_5_bsp//libhal_bsp.a(alt_iic.o)
                                        0x371 (size before relaxing)
 .debug_str     0x0000000000001edb       0x37 ../Project_5_bsp//libhal_bsp.a(alt_iic_isr_register.o)
                                        0x32b (size before relaxing)
 .debug_str     0x0000000000001f12       0x3a ../Project_5_bsp//libhal_bsp.a(alt_irq_handler.o)
                                        0x2b5 (size before relaxing)
 .debug_str     0x0000000000001f4c       0x17 ../Project_5_bsp//libhal_bsp.a(alt_irq_vars.o)
                                        0x258 (size before relaxing)
 .debug_str     0x0000000000001f63       0x20 ../Project_5_bsp//libhal_bsp.a(altera_nios2_gen2_irq.o)
                                        0x27a (size before relaxing)
 .debug_str     0x0000000000001f83       0x1b ../Project_5_bsp//libhal_bsp.a(alt_icache_flush.o)
                                        0x279 (size before relaxing)
 .debug_str     0x0000000000001f9e      0x48b ../Project_5_bsp//libhal_bsp.a(alt_instruction_exception_entry.o)
                                        0x6be (size before relaxing)
 .debug_str     0x0000000000002429       0x5c ../Project_5_bsp//newlib/nios2-elf/lib/libsmallc.a(lib_a-memcmp.o)
                                        0x2bd (size before relaxing)
 .debug_str     0x0000000000002485       0x5c ../Project_5_bsp//newlib/nios2-elf/lib/libsmallc.a(lib_a-strcmp.o)
                                        0x2b6 (size before relaxing)

.debug_loc      0x0000000000000000     0x3257
 *(.debug_loc)
 .debug_loc     0x0000000000000000      0x299 obj/default/hello_world_small.o
 .debug_loc     0x0000000000000299       0x95 ../Project_5_bsp//newlib/nios2-elf/lib/libm.a(lib_a-sf_round.o)
 .debug_loc     0x000000000000032e       0xc6 ../Project_5_bsp//newlib/nios2-elf/lib/libsmallc.a(lib_a-printf.o)
 .debug_loc     0x00000000000003f4       0x97 ../Project_5_bsp//newlib/nios2-elf/lib/libsmallc.a(lib_a-puts.o)
 .debug_loc     0x000000000000048b       0x1e ../Project_5_bsp//newlib/nios2-elf/lib/libsmallc.a(lib_a-strlen.o)
 .debug_loc     0x00000000000004a9      0x901 ../Project_5_bsp//newlib/nios2-elf/lib/libsmallc.a(lib_a-vfprintf.o)
 .debug_loc     0x0000000000000daa      0x110 ../Project_5_bsp//newlib/nios2-elf/lib/libsmallc.a(lib_a-fvwrite_small_dev.o)
 .debug_loc     0x0000000000000eba       0xa5 ../Project_5_bsp//newlib/nios2-elf/lib/libsmallc.a(lib_a-writer.o)
 .debug_loc     0x0000000000000f5f      0x4ce /usr/local/3rdparty/altera/18.1/nios2eds/bin/gnu/H-x86_64-pc-linux-gnu/bin/../lib/gcc/nios2-elf/5.3.0/libgcc.a(lib2-divmod.o)
 .debug_loc     0x000000000000142d       0x37 ../Project_5_bsp//libhal_bsp.a(alt_putstr.o)
 .debug_loc     0x0000000000001464       0x75 ../Project_5_bsp//libhal_bsp.a(alt_tick.o)
 .debug_loc     0x00000000000014d9       0xcf ../Project_5_bsp//libhal_bsp.a(alt_write.o)
 .debug_loc     0x00000000000015a8       0x77 ../Project_5_bsp//libhal_bsp.a(alt_sys_init.o)
 .debug_loc     0x000000000000161f       0x8b ../Project_5_bsp//libhal_bsp.a(altera_avalon_jtag_uart_write.o)
 .debug_loc     0x00000000000016aa       0xec ../Project_5_bsp//libhal_bsp.a(altera_avalon_timer_sc.o)
 .debug_loc     0x0000000000001796      0x1e7 ../Project_5_bsp//libhal_bsp.a(altera_up_avalon_video_character_buffer_with_dma.o)
 .debug_loc     0x000000000000197d     0x1279 ../Project_5_bsp//libhal_bsp.a(altera_up_avalon_video_pixel_buffer_dma.o)
 .debug_loc     0x0000000000002bf6       0x1f ../Project_5_bsp//libhal_bsp.a(alt_dcache_flush_all.o)
 .debug_loc     0x0000000000002c15       0x7e ../Project_5_bsp//libhal_bsp.a(alt_dev_llist_insert.o)
 .debug_loc     0x0000000000002c93       0x7e ../Project_5_bsp//libhal_bsp.a(alt_find_dev.o)
 .debug_loc     0x0000000000002d11      0x170 ../Project_5_bsp//libhal_bsp.a(alt_iic.o)
 .debug_loc     0x0000000000002e81      0x193 ../Project_5_bsp//libhal_bsp.a(alt_iic_isr_register.o)
 .debug_loc     0x0000000000003014       0x72 ../Project_5_bsp//libhal_bsp.a(alt_irq_handler.o)
 .debug_loc     0x0000000000003086       0x52 ../Project_5_bsp//libhal_bsp.a(alt_icache_flush.o)
 .debug_loc     0x00000000000030d8       0xaf ../Project_5_bsp//libhal_bsp.a(alt_instruction_exception_entry.o)
 .debug_loc     0x0000000000003187       0x94 ../Project_5_bsp//newlib/nios2-elf/lib/libsmallc.a(lib_a-memcmp.o)
 .debug_loc     0x000000000000321b       0x3c ../Project_5_bsp//newlib/nios2-elf/lib/libsmallc.a(lib_a-strcmp.o)

.debug_macinfo
 *(.debug_macinfo)

.debug_weaknames
 *(.debug_weaknames)

.debug_funcnames
 *(.debug_funcnames)

.debug_typenames
 *(.debug_typenames)

.debug_varnames
 *(.debug_varnames)

.debug_alt_sim_info
                0x0000000000000000       0x30
 *(.debug_alt_sim_info)
 .debug_alt_sim_info
                0x0000000000000000       0x30 ../Project_5_bsp//obj/HAL/src/crt0.o
                0x0000000018000000                __alt_data_end = 0x18000000
                0x0000000018000000                PROVIDE (__alt_stack_pointer, __alt_data_end)
                [!provide]                        PROVIDE (__alt_stack_limit, __alt_stack_base)
                [!provide]                        PROVIDE (__alt_heap_start, end)
                [!provide]                        PROVIDE (__alt_heap_limit, 0x18000000)
OUTPUT(Project_5.elf elf32-littlenios2)

.debug_ranges   0x0000000000000000      0x410
 .debug_ranges  0x0000000000000000       0x20 ../Project_5_bsp//obj/HAL/src/crt0.o
 .debug_ranges  0x0000000000000020       0xa0 obj/default/hello_world_small.o
 .debug_ranges  0x00000000000000c0       0x28 ../Project_5_bsp//newlib/nios2-elf/lib/libm.a(lib_a-sf_round.o)
 .debug_ranges  0x00000000000000e8       0x18 ../Project_5_bsp//newlib/nios2-elf/lib/libsmallc.a(lib_a-printf.o)
 .debug_ranges  0x0000000000000100       0x18 ../Project_5_bsp//newlib/nios2-elf/lib/libsmallc.a(lib_a-puts.o)
 .debug_ranges  0x0000000000000118       0x10 ../Project_5_bsp//newlib/nios2-elf/lib/libsmallc.a(lib_a-strlen.o)
 .debug_ranges  0x0000000000000128       0xc8 ../Project_5_bsp//newlib/nios2-elf/lib/libsmallc.a(lib_a-vfprintf.o)
 .debug_ranges  0x00000000000001f0       0x28 ../Project_5_bsp//newlib/nios2-elf/lib/libsmallc.a(lib_a-fvwrite_small_dev.o)
 .debug_ranges  0x0000000000000218       0x10 ../Project_5_bsp//newlib/nios2-elf/lib/libsmallc.a(lib_a-writer.o)
 .debug_ranges  0x0000000000000228       0x60 /usr/local/3rdparty/altera/18.1/nios2eds/bin/gnu/H-x86_64-pc-linux-gnu/bin/../lib/gcc/nios2-elf/5.3.0/libgcc.a(lib2-divmod.o)
 .debug_ranges  0x0000000000000288       0x48 ../Project_5_bsp//libhal_bsp.a(alt_load.o)
 .debug_ranges  0x00000000000002d0       0x20 ../Project_5_bsp//libhal_bsp.a(alt_write.o)
 .debug_ranges  0x00000000000002f0       0x38 ../Project_5_bsp//libhal_bsp.a(alt_sys_init.o)
 .debug_ranges  0x0000000000000328       0x18 ../Project_5_bsp//libhal_bsp.a(altera_avalon_timer_sc.o)
 .debug_ranges  0x0000000000000340       0x20 ../Project_5_bsp//libhal_bsp.a(alt_dev_llist_insert.o)
 .debug_ranges  0x0000000000000360       0x28 ../Project_5_bsp//libhal_bsp.a(alt_irq_entry.o)
 .debug_ranges  0x0000000000000388       0x10 ../Project_5_bsp//libhal_bsp.a(alt_irq_handler.o)
 .debug_ranges  0x0000000000000398       0x30 ../Project_5_bsp//libhal_bsp.a(alt_exception_entry.o)
 .debug_ranges  0x00000000000003c8       0x10 ../Project_5_bsp//libhal_bsp.a(alt_icache_flush.o)
 .debug_ranges  0x00000000000003d8       0x18 ../Project_5_bsp//libhal_bsp.a(alt_instruction_exception_entry.o)
 .debug_ranges  0x00000000000003f0       0x10 ../Project_5_bsp//newlib/nios2-elf/lib/libsmallc.a(lib_a-memcmp.o)
 .debug_ranges  0x0000000000000400       0x10 ../Project_5_bsp//newlib/nios2-elf/lib/libsmallc.a(lib_a-strcmp.o)
